
> landingpage-myfounders@0.1.0 build
> next build

Γû▓ Next.js 16.1.6 (Turbopack)
- Environments: .env.local

node.exe : ΓÜá The "middleware" file convention is deprecated. Please use 
"proxy" instead. Learn more: 
https://nextjs.org/docs/messages/middleware-to-proxy
At C:\Program Files\nodejs\npm.ps1:16 char:5
+     & "$basedir/node$exe"  "$basedir/node_modules/npm/bin/npm-cli.js" ...
+     ~~~~~~~~~~~~~~~~~~~~~~~~~~~~~~~~~~~~~~~~~~~~~~~~~~~~~~~~~~~~~~~~~
    + CategoryInfo          : NotSpecified: (ΓÜá The "middle...leware-to-proxy 
   :String) [], RemoteException
    + FullyQualifiedErrorId : NativeCommandError
 
  Creating an optimized production build ...
Γ£ô Compiled successfully in 84s
  Skipping validation of types
  Collecting page data using 7 workers ...
  Generating static pages using 7 workers (0/28) ...
  Generating static pages using 7 workers (7/28) 
  Generating static pages using 7 workers (14/28) 
  Generating static pages using 7 workers (21/28) 
Γ£ô Generating static pages using 7 workers (28/28) in 4.8s
  Finalizing page optimization ...

Route (app)
Γöî Γùï /
Γö£ Γùï /_not-found
Γö£ Γùï /about/about-us
Γö£ Γùï /accepted
Γö£ Γùï /admin
Γö£ ╞Æ /admin/applications
Γö£ Γùï /admin/dashboard
Γö£ ╞Æ /admin/newsletter
Γö£ Γùï /admin/payments
Γö£ ╞Æ /api/admin/applications
Γö£ ╞Æ /api/admin/newsletter
Γö£ ╞Æ /api/admin/whatsapp
Γö£ ╞Æ /api/applications
Γö£ ╞Æ /api/auth/forgot-password
Γö£ ╞Æ /api/beehiv
Γö£ ╞Æ /api/chat
Γö£ ╞Æ /api/notify-contact
Γö£ ╞Æ /api/payments/stripe
Γö£ ╞Æ /api/payments/telr
Γö£ ╞Æ /api/payments/telr/callback
Γö£ ╞Æ /api/whatsapp
Γö£ ╞Æ /api/whatsapp/signup
Γö£ Γùï /auth
Γö£ Γùï /coming-soon
Γö£ Γùï /dashboard
Γö£ Γùï /dashboard/founder
Γö£ Γùï /dashboard/investor
Γö£ Γùï /events
Γö£ Γùï /fit
Γö£ Γùï /login
Γö£ Γùï /payment-failed
Γö£ Γùï /payment-success
Γö£ Γùï /platform/explore-network
Γö£ Γùï /platform/opportunities
Γö£ Γùï /privacy/data-usage
Γö£ Γùï /privacy/privacy-policy
Γö£ Γùï /settings
Γö£ Γùï /setup-profile
Γö£ Γùï /signup
Γöö Γùï /terms


╞Æ Proxy (Middleware)

Γùï  (Static)   prerendered as static content
╞Æ  (Dynamic)  server-rendered on demand

